// Vitest Snapshot v1, https://vitest.dev/guide/snapshot.html

exports[`useDynamicColors > returns the correct colors 1`] = `
{
  "background": "#f8f9ff",
  "error": "#ba1a1a",
  "error-container": "#ffdad6",
  "inverse-on-surface": "#eef1f9",
  "inverse-primary": "#9ecaff",
  "inverse-surface": "#2d3137",
  "neutral-palette-key-color": "#73777e",
  "neutral-variant-palette-key-color": "#707884",
  "on-background": "#181c22",
  "on-error": "#ffffff",
  "on-error-container": "#410002",
  "on-primary": "#ffffff",
  "on-primary-container": "#001226",
  "on-primary-fixed": "#001d36",
  "on-primary-fixed-variant": "#00497d",
  "on-secondary": "#ffffff",
  "on-secondary-container": "#224365",
  "on-secondary-fixed": "#001d36",
  "on-secondary-fixed-variant": "#28496b",
  "on-surface": "#181c22",
  "on-surface-variant": "#404752",
  "on-tertiary": "#ffffff",
  "on-tertiary-container": "#200c00",
  "on-tertiary-fixed": "#2e1500",
  "on-tertiary-fixed-variant": "#6d3900",
  "outline": "#707883",
  "outline-variant": "#bfc7d4",
  "primary": "#0061a4",
  "primary-container": "#3ca3ff",
  "primary-fixed": "#d1e4ff",
  "primary-fixed-dim": "#9ecaff",
  "primary-palette-key-color": "#038de9",
  "scrim": "#000000",
  "secondary": "#416084",
  "secondary-container": "#bedaff",
  "secondary-fixed": "#d1e4ff",
  "secondary-fixed-dim": "#a9c9f2",
  "secondary-palette-key-color": "#5a799e",
  "shadow": "#000000",
  "surface": "#f8f9ff",
  "surface-bright": "#f8f9ff",
  "surface-container": "#ebeef6",
  "surface-container-high": "#e5e8f0",
  "surface-container-highest": "#dfe2ea",
  "surface-container-low": "#f1f3fc",
  "surface-container-lowest": "#ffffff",
  "surface-dim": "#d7dae2",
  "surface-tint": "#0061a4",
  "surface-variant": "#dbe3f0",
  "tertiary": "#904d00",
  "tertiary-container": "#ea8515",
  "tertiary-fixed": "#ffdcc2",
  "tertiary-fixed-dim": "#ffb77b",
  "tertiary-palette-key-color": "#db7900",
}
`;
